---
layout: post
title: CMS GC日志格式
categories: [JVM]
---

CMS GC日志，STW阶段有initial-mark,remark;并发阶段有concurrent mark,concurrent preclean,concurrent sweep,concurrent reset

```
[GC [1 CMS-initial-mark: 13991K(20288K)] 14103K(22400K), 0.0023781 secs]
[GC [DefNew: 2112K->64K(2112K), 0.0837052 secs] 16103K->15476K(22400K), 0.0838519 secs]
...
[GC [DefNew: 2077K->63K(2112K), 0.0126205 secs] 17552K->15855K(22400K), 0.0127482 secs]
[CMS-concurrent-mark: 0.267/0.374 secs]
[GC [DefNew: 2111K->64K(2112K), 0.0190851 secs] 17903K->16154K(22400K), 0.0191903 secs]
[CMS-concurrent-preclean: 0.044/0.064 secs]
[GC [1 CMS-remark: 16090K(20288K)] 17242K(22400K), 0.0210460 secs]
[GC [DefNew: 2112K->63K(2112K), 0.0716116 secs] 18177K->17382K(22400K), 0.0718204 secs]
[GC [DefNew: 2111K->63K(2112K), 0.0830392 secs] 19363K->18757K(22400K), 0.0832943 secs]
...
[GC [DefNew: 2111K->0K(2112K), 0.0035190 secs] 17527K->15479K(22400K), 0.0036052 secs]
[CMS-concurrent-sweep: 0.291/0.662 secs]
[GC [DefNew: 2048K->0K(2112K), 0.0013347 secs] 17527K->15479K(27912K), 0.0014231 secs]
[CMS-concurrent-reset: 0.016/0.016 secs]
[GC [DefNew: 2048K->1K(2112K), 0.0013936 secs] 17527K->15479K(27912K), 0.0014814 secs
]
```

[CMS日志格式](https://docs.oracle.com/javase/8/docs/technotes/guides/vm/gctuning/cms.html#output_from_cms_collector)